[1]イベント入力 [2]直近イベント [3]終了
>入力するイベント数>イベント名>イベント日(YYYYMMDD)>開始時間(HH:mm)>イベント時間>[1]イベント入力 [2]直近イベント [3]終了
>November 2021
 Su  Mo  Tu  We  Th  Fr  Sa
      1   2   3   4   5   6 
  7   8   9  10  11  12  13 
 14  15  16  17 *18  19  20 
 21  22  23  24  25  26  27 
 28  29  30 

# 11/18(Thu)
## Event1
開始時間: 10:00 -
イベント時間: 1h0m0s
[1]イベント入力 [2]直近イベント [3]終了
>終了します
